================================================================================
DENSITY ANALYSIS - XUKUANG UNET MODEL (RGB)
================================================================================
Python Script: density_analysis_xukuang.py
PBS Script: pbs_density_analysis_xukuang.sh
Timestamp: 2025-10-15 14:21:19
Model directory: ./xukuang_params_shrunk_20251015_071224
Test images: ./test_images
Output directory: ./density_analysis_xukuang_20251015_142119
Image format: 512×512 RGB (3 channels)

Model: UNet (FINAL model from Xukuang experiment)
  - Final Val IoU (Epoch 200): 0.6065
  - Best Val IoU (Epoch 140): 0.6789
  - Training: LR=0.005, 200 epochs, BinaryFocalLoss
  - NOTE: Using FINAL epoch model, not best checkpoint
================================================================================

Output directory: density_analysis_xukuang_20251015_142119

Loading model: unet
  Model file: xukuang_params_shrunk_20251015_071224/unet_xukuang_params_shrunk.keras
  ✓ Model loaded successfully
  Input shape: (None, 512, 512, 3)
  Output shape: (None, 512, 512, 1)

Found 11 test images

Processing images:   0%|          | 0/11 [00:00<?, ?it/s]Processing images:   9%|▉         | 1/11 [00:12<02:08, 12.88s/it]Processing images:  18%|█▊        | 2/11 [00:15<00:59,  6.66s/it]Processing images:  27%|██▋       | 3/11 [00:17<00:37,  4.65s/it]Processing images:  36%|███▋      | 4/11 [00:19<00:26,  3.72s/it]Processing images:  45%|████▌     | 5/11 [00:22<00:19,  3.20s/it]Processing images:  55%|█████▍    | 6/11 [00:24<00:14,  2.89s/it]Processing images:  64%|██████▎   | 7/11 [00:26<00:10,  2.69s/it]Processing images:  73%|███████▎  | 8/11 [00:28<00:07,  2.56s/it]Processing images:  82%|████████▏ | 9/11 [00:31<00:04,  2.47s/it]Processing images:  91%|█████████ | 10/11 [00:33<00:02,  2.47s/it]Processing images: 100%|██████████| 11/11 [00:35<00:00,  2.42s/it]Processing images: 100%|██████████| 11/11 [00:35<00:00,  3.27s/it]
/scratch/phyzxi/unet-HPC/./density_analysis_xukuang.py:403: FutureWarning: 

Passing `palette` without assigning `hue` is deprecated and will be removed in v0.14.0. Assign the `x` variable to `hue` and set `legend=False` for the same effect.

  sns.boxplot(

Processing: 10240x_2560x_2025-05-16_00-59-00_002.tif (Dilution: 10240x)
  Image shape: (2160, 3840, 3)
  Extracted 28 tiles
  Mean density: 0.0098 ± 0.0010

Processing: 10x_2025-05-15_02-05-00.tif (Dilution: 10x)
  Image shape: (2160, 3840, 3)
  Extracted 28 tiles
  Mean density: 0.5288 ± 0.0356

Processing: 1280x_2025-05-16_00-59-00_002.tif (Dilution: 1280x)
  Image shape: (2160, 3840, 3)
  Extracted 28 tiles
  Mean density: 0.0131 ± 0.0027

Processing: 160x_2025-05-15_02-05-00.tif (Dilution: 160x)
  Image shape: (2160, 3840, 3)
  Extracted 28 tiles
  Mean density: 0.1783 ± 0.0269

Processing: 2025-05-16_00-59-00_002.tif (Dilution: undiluted)
  Image shape: (2160, 3840, 3)
  Extracted 28 tiles
  Mean density: 0.0024 ± 0.0008

Processing: 20x_2025-05-15_02-05-00.tif (Dilution: 20x)
  Image shape: (2160, 3840, 3)
  Extracted 28 tiles
  Mean density: 0.4210 ± 0.0373

Processing: 320x_2025-05-15_02-05-00.tif (Dilution: 320x)
  Image shape: (2160, 3840, 3)
  Extracted 28 tiles
  Mean density: 0.0738 ± 0.0133

Processing: 5120x_2025-05-16_00-59-00_002.tif (Dilution: 5120x)
  Image shape: (2160, 3840, 3)
  Extracted 28 tiles
  Mean density: 0.0046 ± 0.0015

Processing: 640x_2025-05-16_00-59-00_002.tif (Dilution: 640x)
  Image shape: (2160, 3840, 3)
  Extracted 28 tiles
  Mean density: 0.0362 ± 0.0140

Processing: 80x_1_2025-05-22_14-48-00_003.tif (Dilution: 80x)
  Image shape: (2160, 3840, 3)
  Extracted 28 tiles
  Mean density: 0.3715 ± 0.0181

Processing: 80x_2_2025-05-22_14-48-00.tif (Dilution: 80x)
  Image shape: (2160, 3840, 3)
  Extracted 28 tiles
  Mean density: 0.3097 ± 0.0153

✓ Results saved to: density_analysis_xukuang_20251015_142119/density_results.csv

Generating box plot...
  ✓ Saved: density_analysis_xukuang_20251015_142119/density_boxplot.png

Generating representative tile visualizations...
  ✓ Saved: density_analysis_xukuang_20251015_142119/representative_tiles/tiles_10x.png
  ✓ Saved: density_analysis_xukuang_20251015_142119/representative_tiles/tiles_20x.png
  ✓ Saved: density_analysis_xukuang_20251015_142119/representative_tiles/tiles_80x.png
  ✓ Saved: density_analysis_xukuang_20251015_142119/representative_tiles/tiles_160x.png
  ✓ Saved: density_analysis_xukuang_20251015_142119/representative_tiles/tiles_320x.png
  ✓ Saved: density_analysis_xukuang_20251015_142119/representative_tiles/tiles_640x.png
  ✓ Saved: density_analysis_xukuang_20251015_142119/representative_tiles/tiles_1280x.png
  No tiles for 2560x
  ✓ Saved: density_analysis_xukuang_20251015_142119/representative_tiles/tiles_5120x.png
  ✓ Saved: density_analysis_xukuang_20251015_142119/representative_tiles/tiles_10240x.png
✓ Experiment info saved to: density_analysis_xukuang_20251015_142119/EXPERIMENT_INFO.json

================================================================================
DENSITY ANALYSIS COMPLETE
================================================================================
Output directory: density_analysis_xukuang_20251015_142119

Processed 11 images
Total tiles analyzed: 308

Density by Dilution:
dilution_label  mean_density
        10240x      0.009767
           10x      0.528798
         1280x      0.013055
          160x      0.178301
     undiluted      0.002394
           20x      0.420994
          320x      0.073807
         5120x      0.004610
          640x      0.036212
           80x      0.371490
           80x      0.309750
================================================================================
