Searching for best UNet model...
Found 25 UNet model configurations
  New best: unet_n_filters16_dropout0p2_batch_normTrue_learning_rate0p001 (IoU: 0.4572)
  New best: unet_n_filters32_dropout0p2_batch_normTrue_learning_rate0p001 (IoU: 0.4853)

✓ Selected best model: unet_n_filters32_dropout0p2_batch_normTrue_learning_rate0p001
  Best Val IoU: 0.4853

================================================================================
UNET-ONLY DENSITY ANALYSIS - BEST MODEL FROM HYPERPARAMETER SEARCH
================================================================================
Script: density_analysis_unet_only.py
PBS Script: pbs_density_analysis_unet_only.sh
Timestamp: 2025-10-16 00:25:49
Model base directory: ./unet_hyperparam_20251015_224125
Test images: ./test_images
Output directory: ./density_analysis_unet_only_20251016_002549
Image format: 512×512 RGB (3 channels)

================================================================================
BEST MODEL SELECTION
================================================================================
Model: unet_n_filters32_dropout0p2_batch_normTrue_learning_rate0p001
Hyperparameters:
  - n_filters: 32
  - dropout: 0.2
  - batch_norm: True
  - learning_rate: 0.001
Best Val IoU: 0.4853
Model path: unet_hyperparam_20251015_224125/checkpoints/unet_n_filters32_dropout0p2_batch_normTrue_learning_rate0p001/best_model.keras
================================================================================

Loading model from: unet_hyperparam_20251015_224125/checkpoints/unet_n_filters32_dropout0p2_batch_normTrue_learning_rate0p001/best_model.keras
  ✓ Model loaded successfully
  Input shape: (None, 512, 512, 3)
  Output shape: (None, 512, 512, 1)

================================================================================
PREDICTION ON TEST IMAGES
================================================================================
Found 10 test images

Processing images:   0%|          | 0/10 [00:00<?, ?it/s]Processing images:  10%|█         | 1/10 [00:11<01:47, 11.90s/it]Processing images:  20%|██        | 2/10 [00:12<00:43,  5.48s/it]Processing images:  30%|███       | 3/10 [00:13<00:22,  3.26s/it]Processing images:  40%|████      | 4/10 [00:14<00:13,  2.22s/it]Processing images:  50%|█████     | 5/10 [00:14<00:08,  1.60s/it]Processing images:  60%|██████    | 6/10 [00:15<00:04,  1.22s/it]Processing images:  70%|███████   | 7/10 [00:15<00:02,  1.02it/s]Processing images:  80%|████████  | 8/10 [00:16<00:01,  1.21it/s]Processing images:  90%|█████████ | 9/10 [00:16<00:00,  1.39it/s]Processing images: 100%|██████████| 10/10 [00:17<00:00,  1.54it/s]Processing images: 100%|██████████| 10/10 [00:17<00:00,  1.71s/it]

Processing: 10240x_2560x_2025-05-16_00-59-00_002.tif
  Dilution: 10240x
  Image shape: (2160, 3840, 3)
  Extracted 28 tiles
  Mean density: 0.0130 ± 0.0015 (across 28 tiles)

Processing: 10x_2025-05-15_02-05-00.tif
  Dilution: 10x
  Image shape: (2160, 3840, 3)
  Extracted 28 tiles
  Mean density: 0.8353 ± 0.0312 (across 28 tiles)

Processing: 1280x_2025-05-16_00-59-00_002.tif
  Dilution: 1280x
  Image shape: (2160, 3840, 3)
  Extracted 28 tiles
  Mean density: 0.0177 ± 0.0038 (across 28 tiles)

Processing: 160x_2025-05-15_02-05-00.tif
  Dilution: 160x
  Image shape: (2160, 3840, 3)
  Extracted 28 tiles
  Mean density: 0.2809 ± 0.0581 (across 28 tiles)

Processing: 20x_2025-05-15_02-05-00.tif
  Dilution: 20x
  Image shape: (2160, 3840, 3)
  Extracted 28 tiles
  Mean density: 0.7833 ± 0.0256 (across 28 tiles)

Processing: 2560x_2025-05-16_00-59-00_002.tif
  Dilution: 2560x
  Image shape: (2160, 3840, 3)
  Extracted 28 tiles
  Mean density: 0.0029 ± 0.0009 (across 28 tiles)

Processing: 320x_2025-05-15_02-05-00.tif
  Dilution: 320x
  Image shape: (2160, 3840, 3)
  Extracted 28 tiles
  Mean density: 0.0972 ± 0.0209 (across 28 tiles)

Processing: 5120x_2025-05-16_00-59-00_002.tif
  Dilution: 5120x
  Image shape: (2160, 3840, 3)
  Extracted 28 tiles
  Mean density: 0.0060 ± 0.0018 (across 28 tiles)

Processing: 640x_2025-05-16_00-59-00_002.tif
  Dilution: 640x
  Image shape: (2160, 3840, 3)
  Extracted 28 tiles
  Mean density: 0.0471 ± 0.0168 (across 28 tiles)

Processing: 80x_2_2025-05-22_14-48-00.tif
  Dilution: 80x
  Image shape: (2160, 3840, 3)
  Extracted 28 tiles
  Mean density: 0.5512 ± 0.0394 (across 28 tiles)

================================================================================
SAVING RESULTS
================================================================================
✓ Tile-level results saved: density_analysis_unet_only_20251016_002549/density_results_tile_level.csv
  Total tiles: 280
✓ Image-level summary saved: density_analysis_unet_only_20251016_002549/density_results_image_summary.csv
  Total images: 10
✓ Experiment info saved: density_analysis_unet_only_20251016_002549/EXPERIMENT_INFO.json


================================================================================
GENERATING VISUALIZATIONS
================================================================================

Generating box plot (Full Range: 1/10240 to 1/10)...
  ✓ Saved: density_analysis_unet_only_20251016_002549/density_boxplot_full_range.png

Generating box plot (Low Dilution Range: 1/10240 to 1/80)...
  ✓ Saved: density_analysis_unet_only_20251016_002549/density_boxplot_low_dilution_range.png

================================================================================
ANALYSIS COMPLETE
================================================================================
Output directory: ./density_analysis_unet_only_20251016_002549

Generated files:
  - density_results_tile_level.csv
  - density_results_image_summary.csv
  - density_boxplot_full_range.png (1/10 - 1/10240)
  - density_boxplot_low_dilution_range.png (1/80 - 1/10240)
  - EXPERIMENT_INFO.json

Note: Tile visualizations can be reused from previous analysis
      (density_analysis_xukuang_20251015_142119/representative_tiles/)
================================================================================
