Searching for best Attention UNet model...
Found 27 Attention UNet model configurations
  New best: attention_unet_n_filters32_dropout0p2_batch_normTrue_learning_rate0p005 (IoU: 0.3000)
  New best: attention_unet_n_filters32_dropout0p1_batch_normTrue_learning_rate0p001 (IoU: 0.4749)
  New best: attention_unet_n_filters32_dropout0p3_batch_normTrue_learning_rate0p003 (IoU: 0.4759)

✓ Selected best model: attention_unet_n_filters32_dropout0p3_batch_normTrue_learning_rate0p003
  Best Val IoU: 0.4759

================================================================================
ATTENTION UNET-ONLY DENSITY ANALYSIS - BEST MODEL FROM HYPERPARAMETER SEARCH
================================================================================
Script: density_analysis_attention_unet_only.py
PBS Script: pbs_density_analysis_attention_unet_only.sh
Timestamp: 2025-10-17 03:03:49
Model base directory: ./attention_unet_hyperparam_20251015_230149
Test images: ./test_images
Output directory: ./density_analysis_attention_unet_only_20251017_030349
Image format: 512×512 RGB (3 channels)

================================================================================
BEST MODEL SELECTION
================================================================================
Model: attention_unet_n_filters32_dropout0p3_batch_normTrue_learning_rate0p003
Hyperparameters:
  - n_filters: 32
  - dropout: 0.3
  - batch_norm: True
  - learning_rate: 0.003
Best Val IoU: 0.4759
Model path: attention_unet_hyperparam_20251015_230149/checkpoints/attention_unet_n_filters32_dropout0p3_batch_normTrue_learning_rate0p003/best_model.keras
================================================================================

Loading model from: attention_unet_hyperparam_20251015_230149/checkpoints/attention_unet_n_filters32_dropout0p3_batch_normTrue_learning_rate0p003/best_model.keras
  ✓ Model loaded successfully
  Input shape: (None, 512, 512, 3)
  Output shape: (None, 512, 512, 1)

================================================================================
PREDICTION ON TEST IMAGES
================================================================================
Found 8 test images

Processing images:   0%|          | 0/8 [00:00<?, ?it/s]Processing images:  12%|█▎        | 1/8 [00:15<01:47, 15.42s/it]Processing images:  25%|██▌       | 2/8 [00:17<00:44,  7.36s/it]Processing images:  38%|███▊      | 3/8 [00:17<00:21,  4.36s/it]Processing images:  50%|█████     | 4/8 [00:18<00:11,  2.94s/it]Processing images:  62%|██████▎   | 5/8 [00:19<00:06,  2.10s/it]Processing images:  75%|███████▌  | 6/8 [00:19<00:03,  1.60s/it]Processing images:  88%|████████▊ | 7/8 [00:20<00:01,  1.28s/it]Processing images: 100%|██████████| 8/8 [00:21<00:00,  1.08s/it]Processing images: 100%|██████████| 8/8 [00:21<00:00,  2.65s/it]

Processing: 10240x_2025-05-29_02-22-00_002.tif
  Dilution: 10240x
  Image shape: (2160, 3840, 3)
  Extracted 28 tiles
  Mean densities (across 28 tiles):
    Threshold (0.2):        0.0038
    Threshold (0.5):        0.0006
    Threshold (0.8):        0.0000
    Threshold (0.95):       0.0000
    CLAHE+Otsu on pred:     0.3298
    CLAHE+Otsu on original: 0.4899

Processing: 1280x_2025-05-16_00-59-00_002.tif
  Dilution: 1280x
  Image shape: (2160, 3840, 3)
  Extracted 28 tiles
  Mean densities (across 28 tiles):
    Threshold (0.2):        0.0594
    Threshold (0.5):        0.0144
    Threshold (0.8):        0.0004
    Threshold (0.95):       0.0000
    CLAHE+Otsu on pred:     0.1207
    CLAHE+Otsu on original: 0.0652

Processing: 160x_2025-05-15_02-05-00.tif
  Dilution: 160x
  Image shape: (2160, 3840, 3)
  Extracted 28 tiles
  Mean densities (across 28 tiles):
    Threshold (0.2):        0.5615
    Threshold (0.5):        0.2593
    Threshold (0.8):        0.0258
    Threshold (0.95):       0.0000
    CLAHE+Otsu on pred:     0.4513
    CLAHE+Otsu on original: 0.3147

Processing: 2560x_2025-05-16_00-59-00_002.tif
  Dilution: 2560x
  Image shape: (2160, 3840, 3)
  Extracted 28 tiles
  Mean densities (across 28 tiles):
    Threshold (0.2):        0.0422
    Threshold (0.5):        0.0105
    Threshold (0.8):        0.0005
    Threshold (0.95):       0.0000
    CLAHE+Otsu on pred:     0.1155
    CLAHE+Otsu on original: 0.1183

Processing: 320x_2025-05-15_02-05-00.tif
  Dilution: 320x
  Image shape: (2160, 3840, 3)
  Extracted 28 tiles
  Mean densities (across 28 tiles):
    Threshold (0.2):        0.2734
    Threshold (0.5):        0.0859
    Threshold (0.8):        0.0029
    Threshold (0.95):       0.0000
    CLAHE+Otsu on pred:     0.2817
    CLAHE+Otsu on original: 0.1751

Processing: 5120x_2025-05-16_00-59-00.tif
  Dilution: 5120x
  Image shape: (2160, 3840, 3)
  Extracted 28 tiles
  Mean densities (across 28 tiles):
    Threshold (0.2):        0.0183
    Threshold (0.5):        0.0037
    Threshold (0.8):        0.0001
    Threshold (0.95):       0.0000
    CLAHE+Otsu on pred:     0.1534
    CLAHE+Otsu on original: 0.4045

Processing: 640x_2025-05-16_00-59-00_002.tif
  Dilution: 640x
  Image shape: (2160, 3840, 3)
  Extracted 28 tiles
  Mean densities (across 28 tiles):
    Threshold (0.2):        0.1681
    Threshold (0.5):        0.0428
    Threshold (0.8):        0.0008
    Threshold (0.95):       0.0000
    CLAHE+Otsu on pred:     0.1870
    CLAHE+Otsu on original: 0.1046

Processing: 80x_2025-05-22_14-48-00.tif
  Dilution: 80x
  Image shape: (2160, 3840, 3)
  Extracted 28 tiles
  Mean densities (across 28 tiles):
    Threshold (0.2):        0.7400
    Threshold (0.5):        0.4720
    Threshold (0.8):        0.1177
    Threshold (0.95):       0.0005
    CLAHE+Otsu on pred:     0.4953
    CLAHE+Otsu on original: 0.4442

================================================================================
SAVING RESULTS
================================================================================
✓ Tile-level results saved: density_analysis_attention_unet_only_20251017_030349/density_results_tile_level.csv
  Total tiles: 224
✓ Image-level summary saved: density_analysis_attention_unet_only_20251017_030349/density_results_image_summary.csv
  Total images: 8
✓ Experiment info saved: density_analysis_attention_unet_only_20251017_030349/EXPERIMENT_INFO.json


================================================================================
GENERATING VISUALIZATIONS
================================================================================

--- Threshold Method (0.2) ---

Generating box plot (Full Range: 1/10240 to 1/10) -  - Threshold 0.2...
  ✓ Saved: density_analysis_attention_unet_only_20251017_030349/density_boxplot_full_range__threshold_0.2.png

Generating box plot (Low Dilution Range: 1/10240 to 1/80) -  - Threshold 0.2...
  ✓ Saved: density_analysis_attention_unet_only_20251017_030349/density_boxplot_low_dilution_range__threshold_0.2.png

--- Threshold Method (0.5) ---

Generating box plot (Full Range: 1/10240 to 1/10) -  - Threshold 0.5...
  ✓ Saved: density_analysis_attention_unet_only_20251017_030349/density_boxplot_full_range__threshold_0.5.png

Generating box plot (Low Dilution Range: 1/10240 to 1/80) -  - Threshold 0.5...
  ✓ Saved: density_analysis_attention_unet_only_20251017_030349/density_boxplot_low_dilution_range__threshold_0.5.png

--- Threshold Method (0.8) ---

Generating box plot (Full Range: 1/10240 to 1/10) -  - Threshold 0.8...
  ✓ Saved: density_analysis_attention_unet_only_20251017_030349/density_boxplot_full_range__threshold_0.8.png

Generating box plot (Low Dilution Range: 1/10240 to 1/80) -  - Threshold 0.8...
  ✓ Saved: density_analysis_attention_unet_only_20251017_030349/density_boxplot_low_dilution_range__threshold_0.8.png

--- Threshold Method (0.95) ---

Generating box plot (Full Range: 1/10240 to 1/10) -  - Threshold 0.95...
  ✓ Saved: density_analysis_attention_unet_only_20251017_030349/density_boxplot_full_range__threshold_0.95.png

Generating box plot (Low Dilution Range: 1/10240 to 1/80) -  - Threshold 0.95...
  ✓ Saved: density_analysis_attention_unet_only_20251017_030349/density_boxplot_low_dilution_range__threshold_0.95.png

--- CLAHE+Otsu on Predicted Mask (Denoised) ---

Generating box plot (Full Range: 1/10240 to 1/10) -  - CLAHE+Otsu on Pred...
  ✓ Saved: density_analysis_attention_unet_only_20251017_030349/density_boxplot_full_range__clahe+otsu_on_pred.png

Generating box plot (Low Dilution Range: 1/10240 to 1/80) -  - CLAHE+Otsu on Pred...
  ✓ Saved: density_analysis_attention_unet_only_20251017_030349/density_boxplot_low_dilution_range__clahe+otsu_on_pred.png

--- CLAHE+Otsu on Original Image (Baseline) ---

Generating box plot (Full Range: 1/10240 to 1/10) -  - CLAHE+Otsu on Original...
  ✓ Saved: density_analysis_attention_unet_only_20251017_030349/density_boxplot_full_range__clahe+otsu_on_original.png

Generating box plot (Low Dilution Range: 1/10240 to 1/80) -  - CLAHE+Otsu on Original...
  ✓ Saved: density_analysis_attention_unet_only_20251017_030349/density_boxplot_low_dilution_range__clahe+otsu_on_original.png

--- Tile Visualizations ---

Generating representative tile visualizations (3-panel)...
  Creating tiles for: 10240x_2025-05-29_02-22-00_002.tif
    ✓ Saved: tiles_3panel_10240x_10240x_2025-05-29_02-22-00_002.png
  Creating tiles for: 1280x_2025-05-16_00-59-00_002.tif
    ✓ Saved: tiles_3panel_1280x_1280x_2025-05-16_00-59-00_002.png
  Creating tiles for: 160x_2025-05-15_02-05-00.tif
    ✓ Saved: tiles_3panel_160x_160x_2025-05-15_02-05-00.png
  Creating tiles for: 2560x_2025-05-16_00-59-00_002.tif
    ✓ Saved: tiles_3panel_2560x_2560x_2025-05-16_00-59-00_002.png
  Creating tiles for: 320x_2025-05-15_02-05-00.tif
    ✓ Saved: tiles_3panel_320x_320x_2025-05-15_02-05-00.png
  Creating tiles for: 5120x_2025-05-16_00-59-00.tif
    ✓ Saved: tiles_3panel_5120x_5120x_2025-05-16_00-59-00.png
  Creating tiles for: 640x_2025-05-16_00-59-00_002.tif
    ✓ Saved: tiles_3panel_640x_640x_2025-05-16_00-59-00_002.png
  Creating tiles for: 80x_2025-05-22_14-48-00.tif
    ✓ Saved: tiles_3panel_80x_80x_2025-05-22_14-48-00.png

  ✓ All tile visualizations saved to: density_analysis_attention_unet_only_20251017_030349/representative_tiles_3panel
    Total images: 8
    Format: 3 panels (Original, Predicted 0.5, CLAHE+Otsu) - Dark = Beads

================================================================================
ANALYSIS COMPLETE
================================================================================
Output directory: ./density_analysis_attention_unet_only_20251017_030349

Generated files:
  - density_results_tile_level.csv (6 density methods per tile)
  - density_results_image_summary.csv (summary statistics)
  - EXPERIMENT_INFO.json

Generated boxplots (12 total - 6 methods × 2 dilution ranges):
  1. Threshold 0.2:
     - density_boxplot_full_range_threshold_0.2.png
     - density_boxplot_low_dilution_range_threshold_0.2.png
  2. Threshold 0.5:
     - density_boxplot_full_range_threshold_0.5.png
     - density_boxplot_low_dilution_range_threshold_0.5.png
  3. Threshold 0.8:
     - density_boxplot_full_range_threshold_0.8.png
     - density_boxplot_low_dilution_range_threshold_0.8.png
  4. Threshold 0.95:
     - density_boxplot_full_range_threshold_0.95.png
     - density_boxplot_low_dilution_range_threshold_0.95.png
  5. CLAHE+Otsu on predicted mask (denoised):
     - density_boxplot_full_range_claheotsu_on_pred.png
     - density_boxplot_low_dilution_range_claheotsu_on_pred.png
  6. CLAHE+Otsu on original image (baseline):
     - density_boxplot_full_range_claheotsu_on_original.png
     - density_boxplot_low_dilution_range_claheotsu_on_original.png

Tile visualizations:
  - representative_tiles_3panel/ (5 tiles per image, 3 panels each)
      * Panel 1: Original tile (dark beads)
      * Panel 2: Inverted Predicted mask threshold 0.5 (WHITE beads)
      * Panel 3: Inverted CLAHE+Otsu (WHITE beads, denoised)
================================================================================
