/usr/local/lib/python3.10/dist-packages/tf_keras/src/layers/core/lambda_layer.py:327: UserWarning: models is not loaded, but a Lambda layer uses it. It may cause errors.
  function = cls._parse_function_from_config(
================================================================================
MULTI-MODEL DENSITY ANALYSIS - XUKUANG MODELS (RGB)
================================================================================
Script: density_analysis_xukuang.py
PBS Script: pbs_density_analysis_xukuang.sh
Timestamp: 2025-10-15 15:28:44
Model directory: ./xukuang_params_shrunk_20251015_071224
Test images: ./test_images
Output directory: ./density_analysis_xukuang_multimodel_20251015_152844
Image format: 512×512 RGB (3 channels)

Models: UNet, Attention UNet, Attention ResUNet (FINAL epoch 200 models)
  - Final Val IoU (Epoch 200): 0.6065 (UNet)
  - Best Val IoU (Epoch 140): 0.6789 (UNet)
  - Training: LR=0.005, 200 epochs, BinaryFocalLoss
  - NOTE: Using FINAL epoch models, not best checkpoint
================================================================================

Output directory: density_analysis_xukuang_multimodel_20251015_152844

================================================================================
LOADING MODELS
================================================================================

Loading model: unet
  Model file: xukuang_params_shrunk_20251015_071224/unet_xukuang_params_shrunk.keras
  ✓ Model loaded successfully
  Input shape: (None, 512, 512, 3)
  Output shape: (None, 512, 512, 1)

Loading model: attention_unet
  Model file: xukuang_params_shrunk_20251015_071224/attention_unet_xukuang_params_shrunk.keras
Traceback (most recent call last):
  File "/scratch/phyzxi/unet-HPC/./density_analysis_xukuang.py", line 784, in <module>
    main()
  File "/scratch/phyzxi/unet-HPC/./density_analysis_xukuang.py", line 738, in main
    models = load_all_models(CONFIG)
  File "/scratch/phyzxi/unet-HPC/./density_analysis_xukuang.py", line 277, in load_all_models
    models[model_name] = load_model(config['model_dir'], model_name)
  File "/scratch/phyzxi/unet-HPC/./density_analysis_xukuang.py", line 260, in load_model
    model = keras.models.load_model(model_path, custom_objects=custom_objects)
  File "/usr/local/lib/python3.10/dist-packages/tf_keras/src/saving/saving_api.py", line 254, in load_model
    return saving_lib.load_model(
  File "/usr/local/lib/python3.10/dist-packages/tf_keras/src/saving/saving_lib.py", line 271, in load_model
    raise e
  File "/usr/local/lib/python3.10/dist-packages/tf_keras/src/saving/saving_lib.py", line 236, in load_model
    model = deserialize_keras_object(
  File "/usr/local/lib/python3.10/dist-packages/tf_keras/src/saving/serialization_lib.py", line 727, in deserialize_keras_object
    instance = cls.from_config(inner_config)
  File "/usr/local/lib/python3.10/dist-packages/tf_keras/src/engine/training.py", line 3325, in from_config
    inputs, outputs, layers = functional.reconstruct_from_config(
  File "/usr/local/lib/python3.10/dist-packages/tf_keras/src/engine/functional.py", line 1492, in reconstruct_from_config
    process_layer(layer_data)
  File "/usr/local/lib/python3.10/dist-packages/tf_keras/src/engine/functional.py", line 1473, in process_layer
    layer = deserialize_layer(layer_data, custom_objects=custom_objects)
  File "/usr/local/lib/python3.10/dist-packages/tf_keras/src/layers/serialization.py", line 276, in deserialize
    return serialization_lib.deserialize_keras_object(
  File "/usr/local/lib/python3.10/dist-packages/tf_keras/src/saving/serialization_lib.py", line 608, in deserialize_keras_object
    return deserialize_keras_object(
  File "/usr/local/lib/python3.10/dist-packages/tf_keras/src/saving/serialization_lib.py", line 727, in deserialize_keras_object
    instance = cls.from_config(inner_config)
  File "/usr/local/lib/python3.10/dist-packages/tf_keras/src/layers/core/lambda_layer.py", line 327, in from_config
    function = cls._parse_function_from_config(
  File "/usr/local/lib/python3.10/dist-packages/tf_keras/src/layers/core/lambda_layer.py", line 394, in _parse_function_from_config
    raise ValueError(
ValueError: Requested the deserialization of a Lambda layer with a Python `lambda` inside it. This carries a potential risk of arbitrary code execution and thus it is disallowed by default. If you trust the source of the saved model, you can pass `safe_mode=False` to the loading function in order to allow Lambda layer loading.
