Searching for best Attention UNet model...
Found 27 Attention UNet model configurations
  New best: attention_unet_n_filters32_dropout0p2_batch_normTrue_learning_rate0p005 (IoU: 0.3000)
  New best: attention_unet_n_filters32_dropout0p1_batch_normTrue_learning_rate0p001 (IoU: 0.4749)
  New best: attention_unet_n_filters32_dropout0p3_batch_normTrue_learning_rate0p003 (IoU: 0.4759)

✓ Selected best model: attention_unet_n_filters32_dropout0p3_batch_normTrue_learning_rate0p003
  Best Val IoU: 0.4759

================================================================================
ATTENTION UNET-ONLY DENSITY ANALYSIS - BEST MODEL FROM HYPERPARAMETER SEARCH
================================================================================
Script: density_analysis_attention_unet_only.py
PBS Script: pbs_density_analysis_attention_unet_only.sh
Timestamp: 2025-10-17 02:53:43
Model base directory: ./attention_unet_hyperparam_20251015_230149
Test images: ./test_images
Output directory: ./density_analysis_attention_unet_only_20251017_025343
Image format: 512×512 RGB (3 channels)

================================================================================
BEST MODEL SELECTION
================================================================================
Model: attention_unet_n_filters32_dropout0p3_batch_normTrue_learning_rate0p003
Hyperparameters:
  - n_filters: 32
  - dropout: 0.3
  - batch_norm: True
  - learning_rate: 0.003
Best Val IoU: 0.4759
Model path: attention_unet_hyperparam_20251015_230149/checkpoints/attention_unet_n_filters32_dropout0p3_batch_normTrue_learning_rate0p003/best_model.keras
================================================================================

Loading model from: attention_unet_hyperparam_20251015_230149/checkpoints/attention_unet_n_filters32_dropout0p3_batch_normTrue_learning_rate0p003/best_model.keras
Traceback (most recent call last):
  File "/scratch/phyzxi/unet-HPC/./density_analysis_attention_unet_only.py", line 992, in <module>
    main()
  File "/scratch/phyzxi/unet-HPC/./density_analysis_attention_unet_only.py", line 891, in main
    model = load_model(best_model_info['model_path'])
  File "/scratch/phyzxi/unet-HPC/./density_analysis_attention_unet_only.py", line 415, in load_model
    model = keras.models.load_model(str(model_path), custom_objects=custom_objects)
  File "/usr/local/lib/python3.10/dist-packages/tf_keras/src/saving/saving_api.py", line 254, in load_model
    return saving_lib.load_model(
  File "/usr/local/lib/python3.10/dist-packages/tf_keras/src/saving/saving_lib.py", line 271, in load_model
    raise e
  File "/usr/local/lib/python3.10/dist-packages/tf_keras/src/saving/saving_lib.py", line 236, in load_model
    model = deserialize_keras_object(
  File "/usr/local/lib/python3.10/dist-packages/tf_keras/src/saving/serialization_lib.py", line 727, in deserialize_keras_object
    instance = cls.from_config(inner_config)
  File "/usr/local/lib/python3.10/dist-packages/tf_keras/src/engine/training.py", line 3325, in from_config
    inputs, outputs, layers = functional.reconstruct_from_config(
  File "/usr/local/lib/python3.10/dist-packages/tf_keras/src/engine/functional.py", line 1504, in reconstruct_from_config
    if process_node(layer, node_data):
  File "/usr/local/lib/python3.10/dist-packages/tf_keras/src/engine/functional.py", line 1444, in process_node
    output_tensors = layer(input_tensors, **kwargs)
TypeError: 'str' object is not callable
